// Jest Snapshot v1, https://goo.gl/fbAQLP

exports[`Pruebas sobre GifExperApp Debe matchear con el snapshot 1`] = `
<div>
  <h1>
    Expert gif app
  </h1>
  <form
    aria-label="form"
  >
    <input
      placeholder="Buscar gifs"
      type="text"
      value=""
    />
  </form>
</div>
`;
