// Jest Snapshot v1, https://goo.gl/fbAQLP

exports[`Pruebas sobre Item Debe de hacer match con el snapshot 1`] = `
<div>
  <div
    class="card"
  >
    <img
      alt="Un titulo mock"
      src="https://unmock.zaraza.com/"
    />
    <p>
      Un titulo mock
    </p>
  </div>
</div>
`;
